<html>
<body>
<pre>
<h1>µVision Build Log</h1>
<h2>Project:</h2>
J:\__freeLancer\2024_V6_PLab\WM-18VN\engineering\Main Cabin\Firmware\(zung)_WM18\MCU_FCS_V6\MDK-ARM\MACH_DIEU_KHIEN_BAN_WM18.uvprojx
Project File Date:  09/26/2024

<h2>Output:</h2>
Build target 'MACH_DIEU_KHIEN_BAN_WM18'
compiling main.c...
linking...
Program Size: Code=15432 RO-data=312 RW-data=80 ZI-data=2024  
After Build - User command #2: fromelf.exe --bin --output .\Out\MACH_DIEU_KHIEN_BAN_WM18.bin .\Out\MACH_DIEU_KHIEN_BAN_WM18.axf
".\Out\MACH_DIEU_KHIEN_BAN_WM18.axf" - 0 Error(s), 0 Warning(s).

<h2>Software Packages used:</h2>

Package Vendor: ARM
                http://www.keil.com/pack/ARM.CMSIS.4.1.0.pack
                ARM::CMSIS:CORE:3.30.0
                CMSIS (Cortex Microcontroller Software Interface Standard)
   * Component: CORE Version: 3.30.0

<h2>Collection of Component include folders:</h2>
  J:\__freeLancer\2024_V6_PLab\WM-18VN\engineering\Main Cabin\Firmware\(zung)_WM18\MCU_FCS_V6\MDK-ARM\RTE
  C:\Keil_v5\ARM\PACK\ARM\CMSIS\4.1.0\CMSIS\Include

<h2>Collection of Component Files used:</h2>

   * Component: ARM::CMSIS:CORE:3.30.0
      Source file:   CMSIS\UserCodeTemplates\ARM\ITM_Retarget.c
le:   CMSIS\UserCodeTemplates\ARM\ITM_Retarget.c
Target not created
:</h2>

   * Component: ARM::CMSIS:CORE:3.30.0
      Source file:   CMSIS\UserCodeTemplates\ARM\ITM_Retarget.c
Target not created
