<html>
<body>
<pre>
<h1>µVision Build Log</h1>
<h2>Project:</h2>
J:\__freeLancer\2024_V6_PLab\WM-18VN\engineering\Main Cabin\Firmware\(zung)_WM18\MCU_FCS_V6\MDK-ARM\MACH_DIEU_KHIEN_BAN_WM18.uvprojx
Project File Date:  09/16/2024

<h2>Output:</h2>
Build target 'MACH_DIEU_KHIEN_BAN_WM18'
compiling main.c...
../Core/Src/main.c(344): warning:  #188-D: enumerated type mixed with another type
        HAL_GPIO_WritePin(LED_16_GPIO_Port,LED_16_Pin,A9);                                      // de y dau day cho den so 8 (dau ra LED16 vao den so 8)
../Core/Src/main.c(354): warning:  #188-D: enumerated type mixed with another type
        HAL_GPIO_WritePin(LED_17_GPIO_Port,LED_17_Pin,A10);     // de y dau day cho den so 9 (dau ra LED17 vao den so 9)
../Core/Src/main.c(401): warning:  #188-D: enumerated type mixed with another type
                        Ana_Button_Fire(0,0,1,0);
../Core/Src/main.c(401): warning:  #188-D: enumerated type mixed with another type
                        Ana_Button_Fire(0,0,1,0);
../Core/Src/main.c(401): warning:  #188-D: enumerated type mixed with another type
                        Ana_Button_Fire(0,0,1,0);
../Core/Src/main.c(401): warning:  #188-D: enumerated type mixed with another type
                        Ana_Button_Fire(0,0,1,0);
../Core/Src/main.c(408): warning:  #188-D: enumerated type mixed with another type
                        Ana_Button_Fire(0,0,0,0);
../Core/Src/main.c(408): warning:  #188-D: enumerated type mixed with another type
                        Ana_Button_Fire(0,0,0,0);
../Core/Src/main.c(408): warning:  #188-D: enumerated type mixed with another type
                        Ana_Button_Fire(0,0,0,0);
../Core/Src/main.c(408): warning:  #188-D: enumerated type mixed with another type
                        Ana_Button_Fire(0,0,0,0);
../Core/Src/main.c(415): warning:  #188-D: enumerated type mixed with another type
                        Ana_Button_Fire(1,0,1,1);
../Core/Src/main.c(415): warning:  #188-D: enumerated type mixed with another type
                        Ana_Button_Fire(1,0,1,1);
../Core/Src/main.c(415): warning:  #188-D: enumerated type mixed with another type
                        Ana_Button_Fire(1,0,1,1);
../Core/Src/main.c(415): warning:  #188-D: enumerated type mixed with another type
                        Ana_Button_Fire(1,0,1,1);
../Core/Src/main.c(422): warning:  #188-D: enumerated type mixed with another type
                        Ana_Button_Fire(1,0,1,0);
../Core/Src/main.c(422): warning:  #188-D: enumerated type mixed with another type
                        Ana_Button_Fire(1,0,1,0);
../Core/Src/main.c(422): warning:  #188-D: enumerated type mixed with another type
                        Ana_Button_Fire(1,0,1,0);
../Core/Src/main.c(422): warning:  #188-D: enumerated type mixed with another type
                        Ana_Button_Fire(1,0,1,0);
../Core/Src/main.c(435): warning:  #188-D: enumerated type mixed with another type
                        Ana_Button_Fire(0,1,0,1);
../Core/Src/main.c(435): warning:  #188-D: enumerated type mixed with another type
                        Ana_Button_Fire(0,1,0,1);
../Core/Src/main.c(435): warning:  #188-D: enumerated type mixed with another type
                        Ana_Button_Fire(0,1,0,1);
../Core/Src/main.c(435): warning:  #188-D: enumerated type mixed with another type
                        Ana_Button_Fire(0,1,0,1);
../Core/Src/main.c(442): warning:  #188-D: enumerated type mixed with another type
                        Ana_Button_Fire(1,1,0,0);
../Core/Src/main.c(442): warning:  #188-D: enumerated type mixed with another type
                        Ana_Button_Fire(1,1,0,0);
../Core/Src/main.c(442): warning:  #188-D: enumerated type mixed with another type
                        Ana_Button_Fire(1,1,0,0);
../Core/Src/main.c(442): warning:  #188-D: enumerated type mixed with another type
                        Ana_Button_Fire(1,1,0,0);
../Core/Src/main.c(449): warning:  #188-D: enumerated type mixed with another type
                        Ana_Button_Fire(0,1,1,0);
../Core/Src/main.c(449): warning:  #188-D: enumerated type mixed with another type
                        Ana_Button_Fire(0,1,1,0);
../Core/Src/main.c(449): warning:  #188-D: enumerated type mixed with another type
                        Ana_Button_Fire(0,1,1,0);
../Core/Src/main.c(449): warning:  #188-D: enumerated type mixed with another type
                        Ana_Button_Fire(0,1,1,0);
../Core/Src/main.c(462): warning:  #188-D: enumerated type mixed with another type
                        Ana_Button_Fire(1,1,1,1);
../Core/Src/main.c(462): warning:  #188-D: enumerated type mixed with another type
                        Ana_Button_Fire(1,1,1,1);
../Core/Src/main.c(462): warning:  #188-D: enumerated type mixed with another type
                        Ana_Button_Fire(1,1,1,1);
../Core/Src/main.c(462): warning:  #188-D: enumerated type mixed with another type
                        Ana_Button_Fire(1,1,1,1);
../Core/Src/main.c(469): warning:  #188-D: enumerated type mixed with another type
                        Ana_Button_Fire(0,0,1,1);
../Core/Src/main.c(469): warning:  #188-D: enumerated type mixed with another type
                        Ana_Button_Fire(0,0,1,1);
../Core/Src/main.c(469): warning:  #188-D: enumerated type mixed with another type
                        Ana_Button_Fire(0,0,1,1);
../Core/Src/main.c(469): warning:  #188-D: enumerated type mixed with another type
                        Ana_Button_Fire(0,0,1,1);
../Core/Src/main.c(476): warning:  #188-D: enumerated type mixed with another type
                        Ana_Button_Fire(1,0,0,0);
../Core/Src/main.c(476): warning:  #188-D: enumerated type mixed with another type
                        Ana_Button_Fire(1,0,0,0);
../Core/Src/main.c(476): warning:  #188-D: enumerated type mixed with another type
                        Ana_Button_Fire(1,0,0,0);
../Core/Src/main.c(476): warning:  #188-D: enumerated type mixed with another type
                        Ana_Button_Fire(1,0,0,0);
../Core/Src/main.c(483): warning:  #188-D: enumerated type mixed with another type
                        Ana_Button_Fire(0,1,1,1);       
../Core/Src/main.c(483): warning:  #188-D: enumerated type mixed with another type
                        Ana_Button_Fire(0,1,1,1);       
../Core/Src/main.c(483): warning:  #188-D: enumerated type mixed with another type
                        Ana_Button_Fire(0,1,1,1);       
../Core/Src/main.c(483): warning:  #188-D: enumerated type mixed with another type
                        Ana_Button_Fire(0,1,1,1);       
../Core/Src/main.c(491): warning:  #188-D: enumerated type mixed with another type
                        Ana_Button_Fire(1,1,0,1);
../Core/Src/main.c(491): warning:  #188-D: enumerated type mixed with another type
                        Ana_Button_Fire(1,1,0,1);
../Core/Src/main.c(491): warning:  #188-D: enumerated type mixed with another type
                        Ana_Button_Fire(1,1,0,1);
../Core/Src/main.c(491): warning:  #188-D: enumerated type mixed with another type
                        Ana_Button_Fire(1,1,0,1);
../Core/Src/main.c(498): warning:  #188-D: enumerated type mixed with another type
                        Ana_Button_Fire(0,1,0,0);
../Core/Src/main.c(498): warning:  #188-D: enumerated type mixed with another type
                        Ana_Button_Fire(0,1,0,0);
../Core/Src/main.c(498): warning:  #188-D: enumerated type mixed with another type
                        Ana_Button_Fire(0,1,0,0);
../Core/Src/main.c(498): warning:  #188-D: enumerated type mixed with another type
                        Ana_Button_Fire(0,1,0,0);
../Core/Src/main.c(505): warning:  #188-D: enumerated type mixed with another type
                        Ana_Button_Fire(1,1,1,0); 
../Core/Src/main.c(505): warning:  #188-D: enumerated type mixed with another type
                        Ana_Button_Fire(1,1,1,0); 
../Core/Src/main.c(505): warning:  #188-D: enumerated type mixed with another type
                        Ana_Button_Fire(1,1,1,0); 
../Core/Src/main.c(505): warning:  #188-D: enumerated type mixed with another type
                        Ana_Button_Fire(1,1,1,0); 
../Core/Src/main.c(513): warning:  #188-D: enumerated type mixed with another type
                        Ana_Button_Fire(0,0,0,1);
../Core/Src/main.c(513): warning:  #188-D: enumerated type mixed with another type
                        Ana_Button_Fire(0,0,0,1);
../Core/Src/main.c(513): warning:  #188-D: enumerated type mixed with another type
                        Ana_Button_Fire(0,0,0,1);
../Core/Src/main.c(513): warning:  #188-D: enumerated type mixed with another type
                        Ana_Button_Fire(0,0,0,1);
../Core/Src/main.c(554): warning:  #188-D: enumerated type mixed with another type
                        Ana_Button_Fire(1,0,0,1);//15
../Core/Src/main.c(554): warning:  #188-D: enumerated type mixed with another type
                        Ana_Button_Fire(1,0,0,1);//15
../Core/Src/main.c(554): warning:  #188-D: enumerated type mixed with another type
                        Ana_Button_Fire(1,0,0,1);//15
../Core/Src/main.c(554): warning:  #188-D: enumerated type mixed with another type
                        Ana_Button_Fire(1,0,0,1);//15
../Core/Src/main.c(556): warning:  #188-D: enumerated type mixed with another type
                        Ana_Button_Fire(0,0,1,0);//4
../Core/Src/main.c(556): warning:  #188-D: enumerated type mixed with another type
                        Ana_Button_Fire(0,0,1,0);//4
../Core/Src/main.c(556): warning:  #188-D: enumerated type mixed with another type
                        Ana_Button_Fire(0,0,1,0);//4
../Core/Src/main.c(556): warning:  #188-D: enumerated type mixed with another type
                        Ana_Button_Fire(0,0,1,0);//4
../Core/Src/main.c(558): warning:  #188-D: enumerated type mixed with another type
                        Ana_Button_Fire(0,0,0,0);//8
../Core/Src/main.c(558): warning:  #188-D: enumerated type mixed with another type
                        Ana_Button_Fire(0,0,0,0);//8
../Core/Src/main.c(558): warning:  #188-D: enumerated type mixed with another type
                        Ana_Button_Fire(0,0,0,0);//8
../Core/Src/main.c(558): warning:  #188-D: enumerated type mixed with another type
                        Ana_Button_Fire(0,0,0,0);//8
../Core/Src/main.c(560): warning:  #188-D: enumerated type mixed with another type
                        Ana_Button_Fire(1,0,1,1);//11
../Core/Src/main.c(560): warning:  #188-D: enumerated type mixed with another type
                        Ana_Button_Fire(1,0,1,1);//11
../Core/Src/main.c(560): warning:  #188-D: enumerated type mixed with another type
                        Ana_Button_Fire(1,0,1,1);//11
../Core/Src/main.c(560): warning:  #188-D: enumerated type mixed with another type
                        Ana_Button_Fire(1,0,1,1);//11
../Core/Src/main.c(562): warning:  #188-D: enumerated type mixed with another type
                        Ana_Button_Fire(1,0,1,0);//3
../Core/Src/main.c(562): warning:  #188-D: enumerated type mixed with another type
                        Ana_Button_Fire(1,0,1,0);//3
../Core/Src/main.c(562): warning:  #188-D: enumerated type mixed with another type
                        Ana_Button_Fire(1,0,1,0);//3
../Core/Src/main.c(562): warning:  #188-D: enumerated type mixed with another type
                        Ana_Button_Fire(1,0,1,0);//3
../Core/Src/main.c(570): warning:  #188-D: enumerated type mixed with another type
                        Ana_Button_Fire(0,1,0,1);//14
../Core/Src/main.c(570): warning:  #188-D: enumerated type mixed with another type
                        Ana_Button_Fire(0,1,0,1);//14
../Core/Src/main.c(570): warning:  #188-D: enumerated type mixed with another type
                        Ana_Button_Fire(0,1,0,1);//14
../Core/Src/main.c(570): warning:  #188-D: enumerated type mixed with another type
                        Ana_Button_Fire(0,1,0,1);//14
../Core/Src/main.c(572): warning:  #188-D: enumerated type mixed with another type
                        Ana_Button_Fire(1,1,0,0); //5
../Core/Src/main.c(572): warning:  #188-D: enumerated type mixed with another type
                        Ana_Button_Fire(1,1,0,0); //5
../Core/Src/main.c(572): warning:  #188-D: enumerated type mixed with another type
                        Ana_Button_Fire(1,1,0,0); //5
../Core/Src/main.c(572): warning:  #188-D: enumerated type mixed with another type
                        Ana_Button_Fire(1,1,0,0); //5
../Core/Src/main.c(574): warning:  #188-D: enumerated type mixed with another type
                        Ana_Button_Fire(0,1,1,0);//2
../Core/Src/main.c(574): warning:  #188-D: enumerated type mixed with another type
                        Ana_Button_Fire(0,1,1,0);//2
../Core/Src/main.c(574): warning:  #188-D: enumerated type mixed with another type
                        Ana_Button_Fire(0,1,1,0);//2
../Core/Src/main.c(574): warning:  #188-D: enumerated type mixed with another type
                        Ana_Button_Fire(0,1,1,0);//2
../Core/Src/main.c(583): warning:  #188-D: enumerated type mixed with another type
                        Ana_Button_Fire(1,1,1,1); //9
../Core/Src/main.c(583): warning:  #188-D: enumerated type mixed with another type
                        Ana_Button_Fire(1,1,1,1); //9
../Core/Src/main.c(583): warning:  #188-D: enumerated type mixed with another type
                        Ana_Button_Fire(1,1,1,1); //9
../Core/Src/main.c(583): warning:  #188-D: enumerated type mixed with another type
                        Ana_Button_Fire(1,1,1,1); //9
../Core/Src/main.c(586): warning:  #188-D: enumerated type mixed with another type
                        Ana_Button_Fire(0,0,1,1);//12
../Core/Src/main.c(586): warning:  #188-D: enumerated type mixed with another type
                        Ana_Button_Fire(0,0,1,1);//12
../Core/Src/main.c(586): warning:  #188-D: enumerated type mixed with another type
                        Ana_Button_Fire(0,0,1,1);//12
../Core/Src/main.c(586): warning:  #188-D: enumerated type mixed with another type
                        Ana_Button_Fire(0,0,1,1);//12
../Core/Src/main.c(588): warning:  #188-D: enumerated type mixed with another type
                        Ana_Button_Fire(1,0,0,0);//7
../Core/Src/main.c(588): warning:  #188-D: enumerated type mixed with another type
                        Ana_Button_Fire(1,0,0,0);//7
../Core/Src/main.c(588): warning:  #188-D: enumerated type mixed with another type
                        Ana_Button_Fire(1,0,0,0);//7
../Core/Src/main.c(588): warning:  #188-D: enumerated type mixed with another type
                        Ana_Button_Fire(1,0,0,0);//7
../Core/Src/main.c(590): warning:  #188-D: enumerated type mixed with another type
                        Ana_Button_Fire(0,1,1,1); //10
../Core/Src/main.c(590): warning:  #188-D: enumerated type mixed with another type
                        Ana_Button_Fire(0,1,1,1); //10
../Core/Src/main.c(590): warning:  #188-D: enumerated type mixed with another type
                        Ana_Button_Fire(0,1,1,1); //10
../Core/Src/main.c(590): warning:  #188-D: enumerated type mixed with another type
                        Ana_Button_Fire(0,1,1,1); //10
../Core/Src/main.c(592): warning:  #188-D: enumerated type mixed with another type
                        Ana_Button_Fire(1,1,0,1);//13
../Core/Src/main.c(592): warning:  #188-D: enumerated type mixed with another type
                        Ana_Button_Fire(1,1,0,1);//13
../Core/Src/main.c(592): warning:  #188-D: enumerated type mixed with another type
                        Ana_Button_Fire(1,1,0,1);//13
../Core/Src/main.c(592): warning:  #188-D: enumerated type mixed with another type
                        Ana_Button_Fire(1,1,0,1);//13
../Core/Src/main.c(594): warning:  #188-D: enumerated type mixed with another type
                        Ana_Button_Fire(0,1,0,0); //6
../Core/Src/main.c(594): warning:  #188-D: enumerated type mixed with another type
                        Ana_Button_Fire(0,1,0,0); //6
../Core/Src/main.c(594): warning:  #188-D: enumerated type mixed with another type
                        Ana_Button_Fire(0,1,0,0); //6
../Core/Src/main.c(594): warning:  #188-D: enumerated type mixed with another type
                        Ana_Button_Fire(0,1,0,0); //6
../Core/Src/main.c(596): warning:  #188-D: enumerated type mixed with another type
                        Ana_Button_Fire(1,1,1,0); //1
../Core/Src/main.c(596): warning:  #188-D: enumerated type mixed with another type
                        Ana_Button_Fire(1,1,1,0); //1
../Core/Src/main.c(596): warning:  #188-D: enumerated type mixed with another type
                        Ana_Button_Fire(1,1,1,0); //1
../Core/Src/main.c(596): warning:  #188-D: enumerated type mixed with another type
                        Ana_Button_Fire(1,1,1,0); //1
../Core/Src/main.c(598): warning:  #188-D: enumerated type mixed with another type
                        Ana_Button_Fire(0,0,0,1);//18
../Core/Src/main.c(598): warning:  #188-D: enumerated type mixed with another type
                        Ana_Button_Fire(0,0,0,1);//18
../Core/Src/main.c(598): warning:  #188-D: enumerated type mixed with another type
                        Ana_Button_Fire(0,0,0,1);//18
../Core/Src/main.c(598): warning:  #188-D: enumerated type mixed with another type
                        Ana_Button_Fire(0,0,0,1);//18
../Core/Src/main.c(615): warning:  #188-D: enumerated type mixed with another type
                if((X_Led & 0x80) == 0x80)      HAL_GPIO_WritePin(DATA_GPIO_Port,DATA_Pin,1);
../Core/Src/main.c(616): warning:  #188-D: enumerated type mixed with another type
                else                                                                                            HAL_GPIO_WritePin(DATA_GPIO_Port,DATA_Pin,0);
../Core/Src/main.c(617): warning:  #188-D: enumerated type mixed with another type
                HAL_GPIO_WritePin(CLK__GPIO_Port,CLK__Pin,1); HAL_Delay(1);
../Core/Src/main.c(618): warning:  #188-D: enumerated type mixed with another type
                HAL_GPIO_WritePin(CLK__GPIO_Port,CLK__Pin,0); HAL_Delay(1);
../Core/Src/main.c(643): warning:  #188-D: enumerated type mixed with another type
        Handle_Sensor(0,0,0,0);// 0
../Core/Src/main.c(643): warning:  #188-D: enumerated type mixed with another type
        Handle_Sensor(0,0,0,0);// 0
../Core/Src/main.c(643): warning:  #188-D: enumerated type mixed with another type
        Handle_Sensor(0,0,0,0);// 0
../Core/Src/main.c(643): warning:  #188-D: enumerated type mixed with another type
        Handle_Sensor(0,0,0,0);// 0
../Core/Src/main.c(645): warning:  #188-D: enumerated type mixed with another type
        Handle_Sensor(1,0,0,0);// 1
../Core/Src/main.c(645): warning:  #188-D: enumerated type mixed with another type
        Handle_Sensor(1,0,0,0);// 1
../Core/Src/main.c(645): warning:  #188-D: enumerated type mixed with another type
        Handle_Sensor(1,0,0,0);// 1
../Core/Src/main.c(645): warning:  #188-D: enumerated type mixed with another type
        Handle_Sensor(1,0,0,0);// 1
../Core/Src/main.c(647): warning:  #188-D: enumerated type mixed with another type
        Handle_Sensor(0,1,0,0);// 2
../Core/Src/main.c(647): warning:  #188-D: enumerated type mixed with another type
        Handle_Sensor(0,1,0,0);// 2
../Core/Src/main.c(647): warning:  #188-D: enumerated type mixed with another type
        Handle_Sensor(0,1,0,0);// 2
../Core/Src/main.c(647): warning:  #188-D: enumerated type mixed with another type
        Handle_Sensor(0,1,0,0);// 2
../Core/Src/main.c(649): warning:  #188-D: enumerated type mixed with another type
        Handle_Sensor(1,1,0,0);// 3 
../Core/Src/main.c(649): warning:  #188-D: enumerated type mixed with another type
        Handle_Sensor(1,1,0,0);// 3 
../Core/Src/main.c(649): warning:  #188-D: enumerated type mixed with another type
        Handle_Sensor(1,1,0,0);// 3 
../Core/Src/main.c(649): warning:  #188-D: enumerated type mixed with another type
        Handle_Sensor(1,1,0,0);// 3 
../Core/Src/main.c(651): warning:  #188-D: enumerated type mixed with another type
        Handle_Sensor(0,0,1,0);// 4
../Core/Src/main.c(651): warning:  #188-D: enumerated type mixed with another type
        Handle_Sensor(0,0,1,0);// 4
../Core/Src/main.c(651): warning:  #188-D: enumerated type mixed with another type
        Handle_Sensor(0,0,1,0);// 4
../Core/Src/main.c(651): warning:  #188-D: enumerated type mixed with another type
        Handle_Sensor(0,0,1,0);// 4
../Core/Src/main.c(653): warning:  #188-D: enumerated type mixed with another type
        Handle_Sensor(1,0,1,0);// 5
../Core/Src/main.c(653): warning:  #188-D: enumerated type mixed with another type
        Handle_Sensor(1,0,1,0);// 5
../Core/Src/main.c(653): warning:  #188-D: enumerated type mixed with another type
        Handle_Sensor(1,0,1,0);// 5
../Core/Src/main.c(653): warning:  #188-D: enumerated type mixed with another type
        Handle_Sensor(1,0,1,0);// 5
../Core/Src/main.c(655): warning:  #188-D: enumerated type mixed with another type
        Handle_Sensor(0,1,1,0);// 6
../Core/Src/main.c(655): warning:  #188-D: enumerated type mixed with another type
        Handle_Sensor(0,1,1,0);// 6
../Core/Src/main.c(655): warning:  #188-D: enumerated type mixed with another type
        Handle_Sensor(0,1,1,0);// 6
../Core/Src/main.c(655): warning:  #188-D: enumerated type mixed with another type
        Handle_Sensor(0,1,1,0);// 6
../Core/Src/main.c(657): warning:  #188-D: enumerated type mixed with another type
        Handle_Sensor(1,1,1,0);// 7
../Core/Src/main.c(657): warning:  #188-D: enumerated type mixed with another type
        Handle_Sensor(1,1,1,0);// 7
../Core/Src/main.c(657): warning:  #188-D: enumerated type mixed with another type
        Handle_Sensor(1,1,1,0);// 7
../Core/Src/main.c(657): warning:  #188-D: enumerated type mixed with another type
        Handle_Sensor(1,1,1,0);// 7
../Core/Src/main.c(659): warning:  #188-D: enumerated type mixed with another type
        Handle_Sensor(0,0,0,1);// 8
../Core/Src/main.c(659): warning:  #188-D: enumerated type mixed with another type
        Handle_Sensor(0,0,0,1);// 8
../Core/Src/main.c(659): warning:  #188-D: enumerated type mixed with another type
        Handle_Sensor(0,0,0,1);// 8
../Core/Src/main.c(659): warning:  #188-D: enumerated type mixed with another type
        Handle_Sensor(0,0,0,1);// 8
../Core/Src/main.c(661): warning:  #188-D: enumerated type mixed with another type
        Handle_Sensor(1,0,0,1);// 9
../Core/Src/main.c(661): warning:  #188-D: enumerated type mixed with another type
        Handle_Sensor(1,0,0,1);// 9
../Core/Src/main.c(661): warning:  #188-D: enumerated type mixed with another type
        Handle_Sensor(1,0,0,1);// 9
../Core/Src/main.c(661): warning:  #188-D: enumerated type mixed with another type
        Handle_Sensor(1,0,0,1);// 9
../Core/Src/main.c(663): warning:  #188-D: enumerated type mixed with another type
        Handle_Sensor(0,1,0,1);// 10
../Core/Src/main.c(663): warning:  #188-D: enumerated type mixed with another type
        Handle_Sensor(0,1,0,1);// 10
../Core/Src/main.c(663): warning:  #188-D: enumerated type mixed with another type
        Handle_Sensor(0,1,0,1);// 10
../Core/Src/main.c(663): warning:  #188-D: enumerated type mixed with another type
        Handle_Sensor(0,1,0,1);// 10
../Core/Src/main.c(665): warning:  #188-D: enumerated type mixed with another type
        Handle_Sensor(1,1,0,1);// 11
../Core/Src/main.c(665): warning:  #188-D: enumerated type mixed with another type
        Handle_Sensor(1,1,0,1);// 11
../Core/Src/main.c(665): warning:  #188-D: enumerated type mixed with another type
        Handle_Sensor(1,1,0,1);// 11
../Core/Src/main.c(665): warning:  #188-D: enumerated type mixed with another type
        Handle_Sensor(1,1,0,1);// 11
../Core/Src/main.c(667): warning:  #188-D: enumerated type mixed with another type
        Handle_Sensor(0,0,1,1);// 12
../Core/Src/main.c(667): warning:  #188-D: enumerated type mixed with another type
        Handle_Sensor(0,0,1,1);// 12
../Core/Src/main.c(667): warning:  #188-D: enumerated type mixed with another type
        Handle_Sensor(0,0,1,1);// 12
../Core/Src/main.c(667): warning:  #188-D: enumerated type mixed with another type
        Handle_Sensor(0,0,1,1);// 12
../Core/Src/main.c(669): warning:  #188-D: enumerated type mixed with another type
        Handle_Sensor(1,0,1,1);// 13
../Core/Src/main.c(669): warning:  #188-D: enumerated type mixed with another type
        Handle_Sensor(1,0,1,1);// 13
../Core/Src/main.c(669): warning:  #188-D: enumerated type mixed with another type
        Handle_Sensor(1,0,1,1);// 13
../Core/Src/main.c(669): warning:  #188-D: enumerated type mixed with another type
        Handle_Sensor(1,0,1,1);// 13
../Core/Src/main.c(671): warning:  #188-D: enumerated type mixed with another type
        Handle_Sensor(0,1,1,1);// 14
../Core/Src/main.c(671): warning:  #188-D: enumerated type mixed with another type
        Handle_Sensor(0,1,1,1);// 14
../Core/Src/main.c(671): warning:  #188-D: enumerated type mixed with another type
        Handle_Sensor(0,1,1,1);// 14
../Core/Src/main.c(671): warning:  #188-D: enumerated type mixed with another type
        Handle_Sensor(0,1,1,1);// 14
../Core/Src/main.c(673): warning:  #188-D: enumerated type mixed with another type
        Handle_Sensor(1,1,1,1);// 15
../Core/Src/main.c(673): warning:  #188-D: enumerated type mixed with another type
        Handle_Sensor(1,1,1,1);// 15
../Core/Src/main.c(673): warning:  #188-D: enumerated type mixed with another type
        Handle_Sensor(1,1,1,1);// 15
../Core/Src/main.c(673): warning:  #188-D: enumerated type mixed with another type
        Handle_Sensor(1,1,1,1);// 15
../Core/Src/main.c: 194 warnings, 0 errors
linking...
Program Size: Code=15436 RO-data=312 RW-data=80 ZI-data=2024  
After Build - User command #2: fromelf.exe --bin --output .\Out\MACH_DIEU_KHIEN_BAN_WM18.bin .\Out\MACH_DIEU_KHIEN_BAN_WM18.axf
".\Out\MACH_DIEU_KHIEN_BAN_WM18.axf" - 0 Error(s), 194 Warning(s).

<h2>Software Packages used:</h2>

Package Vendor: ARM
                http://www.keil.com/pack/ARM.CMSIS.4.1.0.pack
                ARM::CMSIS:CORE:3.30.0
                CMSIS (Cortex Microcontroller Software Interface Standard)
   * Component: CORE Version: 3.30.0

<h2>Collection of Component include folders:</h2>
  J:\__freeLancer\2024_V6_PLab\WM-18VN\engineering\Main Cabin\Firmware\(zung)_WM18\MCU_FCS_V6\MDK-ARM\RTE
  C:\Keil_v5\ARM\PACK\ARM\CMSIS\4.1.0\CMSIS\Include

<h2>Collection of Component Files used:</h2>

   * Component: ARM::CMSIS:CORE:3.30.0
      Source file:   CMSIS\UserCodeTemplates\ARM\ITM_Retarget.c
</pre>
</body>
</html>
CS_V6\MDK-ARM\RTE
  C:\Keil_v5\ARM\PACK\ARM\CMSIS\4.1.0\CMSIS\Include

<h2>Collection of Component Files used:</h2>

   * Component: ARM::CMSIS:CORE:3.30.0
      Source file:   CMSIS\UserCodeTemplates\ARM\ITM_Retarget.c
Clean started: Project: 'MACH_DIEU_KHIEN_BAN_WM18'
   deleting intermediate output files for target 'MACH_DIEU_KHIEN_BAN_WM18'
  * Component: ARM::CMSIS:CORE:3.30.0
      Source file:   CMSIS\UserCodeTemplates\ARM\ITM_Retarget.c
