<html>
<body>
<pre>
<h1>µVision Build Log</h1>
<h2>Tool Versions:</h2>
IDE-Version: µVision V5.29.0.0
Copyright (C) 2019 ARM Ltd and ARM Germany GmbH. All rights reserved.
License Information: Dung Bui, PLAB, LIC=----
 
Tool Versions:
Toolchain:       MDK-Lite  Version: 5.29.0.0
Toolchain Path:  C:\Keil_v5\ARM\ARMCC\Bin
C Compiler:      Armcc.exe V5.06 update 6 (build 750)
Assembler:       Armasm.exe V5.06 update 6 (build 750)
Linker/Locator:  ArmLink.exe V5.06 update 6 (build 750)
Library Manager: ArmAr.exe V5.06 update 6 (build 750)
Hex Converter:   FromElf.exe V5.06 update 6 (build 750)
CPU DLL:         SARMCM3.DLL V5.29.0.0
Dialog DLL:      DCM.DLL V1.17.3.0
Target DLL:      STLink\ST-LINKIII-KEIL_SWO.dll V3.0.7.0
Dialog DLL:      TCM.DLL V1.36.5.0
 
<h2>Project:</h2>
D:\dung\Code STM32\Ban_Thu_WM18\MDK-ARM\MACH_DIEU_KHIEN_BAN_WM18.uvprojx
Project File Date:  09/15/2024

<h2>Output:</h2>
*** Using Compiler 'V5.06 update 6 (build 750)', folder: 'C:\Keil_v5\ARM\ARMCC\Bin'
Rebuild target 'MACH_DIEU_KHIEN_BAN_WM18'
assembling startup_stm32f103xb.s...
compiling stm32f1xx_hal_gpio.c...
compiling stm32f1xx_hal_gpio_ex.c...
compiling stm32f1xx_hal_cortex.c...
compiling stm32f1xx_it.c...
compiling stm32f1xx_hal.c...
compiling stm32f1xx_hal_adc_ex.c...
compiling stm32f1xx_hal_dma.c...
compiling stm32f1xx_hal_msp.c...
compiling stm32f1xx_hal_rcc_ex.c...
compiling stm32f1xx_hal_adc.c...
compiling stm32f1xx_hal_rcc.c...
compiling stm32f1xx_hal_pwr.c...
compiling main.c...
../Core/Src/main.c(178): warning:  #188-D: enumerated type mixed with another type
  		HAL_GPIO_WritePin(S0_ADC_GPIO_Port,S0_ADC_Pin,A);
../Core/Src/main.c(179): warning:  #188-D: enumerated type mixed with another type
  		HAL_GPIO_WritePin(S1_ADC_GPIO_Port,S1_ADC_Pin,B);
../Core/Src/main.c(180): warning:  #188-D: enumerated type mixed with another type
  		HAL_GPIO_WritePin(S2_ADC_GPIO_Port,S2_ADC_Pin,C);
../Core/Src/main.c(181): warning:  #188-D: enumerated type mixed with another type
  		HAL_GPIO_WritePin(S3_ADC_GPIO_Port,S3_ADC_Pin,D);
../Core/Src/main.c(376): warning:  #188-D: enumerated type mixed with another type
  			HAL_GPIO_WritePin(LED_16_GPIO_Port,LED_16_Pin,A9); 					// de y dau day cho den so 8 (dau ra LED16 vao den so 8)
../Core/Src/main.c(386): warning:  #188-D: enumerated type mixed with another type
  			HAL_GPIO_WritePin(LED_17_GPIO_Port,LED_17_Pin,A10);	// de y dau day cho den so 9 (dau ra LED17 vao den so 9)
../Core/Src/main.c(392): warning:  #188-D: enumerated type mixed with another type
  	HAL_GPIO_WritePin(S0_Fire_GPIO_Port,S0_Fire_Pin,F_A);
../Core/Src/main.c(393): warning:  #188-D: enumerated type mixed with another type
  	HAL_GPIO_WritePin(S1_Fire_GPIO_Port,S1_Fire_Pin,F_B);
../Core/Src/main.c(394): warning:  #188-D: enumerated type mixed with another type
  	HAL_GPIO_WritePin(S2_Fire_GPIO_Port,S2_Fire_Pin,F_C);
../Core/Src/main.c(395): warning:  #188-D: enumerated type mixed with another type
  	HAL_GPIO_WritePin(S3_Fire_GPIO_Port,S3_Fire_Pin,F_D);
../Core/Src/main.c(696): warning:  #188-D: enumerated type mixed with another type
  		if((X_Led & 0x80) == 0x80) 	HAL_GPIO_WritePin(DATA_GPIO_Port,DATA_Pin,1);
../Core/Src/main.c(697): warning:  #188-D: enumerated type mixed with another type
  		else 												HAL_GPIO_WritePin(DATA_GPIO_Port,DATA_Pin,0);
../Core/Src/main.c(698): warning:  #188-D: enumerated type mixed with another type
  		HAL_GPIO_WritePin(CLK__GPIO_Port,CLK__Pin,1); HAL_Delay(1);
../Core/Src/main.c(699): warning:  #188-D: enumerated type mixed with another type
  		HAL_GPIO_WritePin(CLK__GPIO_Port,CLK__Pin,0); HAL_Delay(1);
../Core/Src/main.c(711): warning:  #188-D: enumerated type mixed with another type
  	HAL_GPIO_WritePin(EN__GPIO_Port,EN__Pin,1); HAL_Delay(1);
../Core/Src/main.c(712): warning:  #188-D: enumerated type mixed with another type
  	HAL_GPIO_WritePin(EN__GPIO_Port,EN__Pin,0); HAL_Delay(1);	
../Core/Src/main.c(717): warning:  #188-D: enumerated type mixed with another type
  	HAL_GPIO_WritePin(S0_Sensor_GPIO_Port,S0_Sensor_Pin,S0);
../Core/Src/main.c(718): warning:  #188-D: enumerated type mixed with another type
  	HAL_GPIO_WritePin(S1_Sensor_GPIO_Port,S1_Sensor_Pin,S1);
../Core/Src/main.c(719): warning:  #188-D: enumerated type mixed with another type
  	HAL_GPIO_WritePin(S2_Sensor_GPIO_Port,S2_Sensor_Pin,S2);
../Core/Src/main.c(720): warning:  #188-D: enumerated type mixed with another type
  	HAL_GPIO_WritePin(S3_Sensor_GPIO_Port,S3_Sensor_Pin,S3);
../Core/Src/main.c: 20 warnings, 0 errors
compiling stm32f1xx_hal_flash_ex.c...
compiling stm32f1xx_hal_can.c...
compiling system_stm32f1xx.c...
compiling stm32f1xx_hal_exti.c...
compiling stm32f1xx_hal_flash.c...
compiling stm32f1xx_hal_tim_ex.c...
compiling stm32f1xx_hal_uart.c...
compiling stm32f1xx_hal_tim.c...
linking...
Program Size: Code=15508 RO-data=312 RW-data=80 ZI-data=2024  
FromELF: creating hex file...
"MACH_DIEU_KHIEN_BAN_WM18\MACH_DIEU_KHIEN_BAN_WM18.axf" - 0 Error(s), 20 Warning(s).

<h2>Software Packages used:</h2>

Package Vendor: ARM
                http://www.keil.com/pack/ARM.CMSIS.5.9.0.pack
                ARM.CMSIS.5.9.0
                CMSIS (Common Microcontroller Software Interface Standard)
   * Component: CORE Version: 5.6.0

Package Vendor: Keil
                http://www.keil.com/pack/Keil.STM32F1xx_DFP.2.4.0.pack
                Keil.STM32F1xx_DFP.2.4.0
                STMicroelectronics STM32F1 Series Device Support, Drivers and Examples

<h2>Collection of Component include folders:</h2>
  .\RTE\_MACH_DIEU_KHIEN_BAN_WM18
  C:\Users\anhto\AppData\Local\Arm\Packs\ARM\CMSIS\5.9.0\CMSIS\Core\Include
  C:\Users\anhto\AppData\Local\Arm\Packs\Keil\STM32F1xx_DFP\2.4.0\Device\Include

<h2>Collection of Component Files used:</h2>

   * Component: ARM::CMSIS:CORE:5.6.0
      Include file:  CMSIS\Core\Include\tz_context.h
Build Time Elapsed:  00:00:08
</pre>
</body>
</html>
